[vistorastudios.framer.website/index.html]
[backblue.gif]
[fade.gif]
[index.html]
[framerusercontent.com/images/a2bWDHY139DVShdIW1boFzJwO2Q.png]
[framerusercontent.com/images/9A4i7ZvhlFjALuoJaYdY4epLTXM.png]
[framerusercontent.com/images/EDLUTAnbrk5Mc9TWwD3yb76Y1g.png]
[vistorastudios.framer.website/contact.html]
[vistorastudios.framer.website/updates.html]
[framerusercontent.com/images/ETgoVdeITLLIYCHTFNeVuZDMyQY.png]
[framerusercontent.com/images/bnJJiW5Vfixlrz7M2pzoeyHBU.png]
[framerusercontent.com/images/rlizSNVuxrrqd6I5hGaSxwqn0Os.png]
[framerusercontent.com/images/X0pqhTmlK8gdYqPbljhuLXlyd0I.png]
[framerusercontent.com/images/jV7y5OEqFX3kAcU18aU8zbY17f5.png]
[framerusercontent.com/images/PQuVtaPx0bm7On63y46yxJIM17f5.png]
[framerusercontent.com/images/04HQrYBnxisyNool48jtnDpfw17f5.png]
[framerusercontent.com/images/QmmaDSjXyuZNNDsZdt23lDVXI.png]
[framerusercontent.com/images/0zuVQ2JmvxEtdnpdOq5FtRJxmNY.png]
[framerusercontent.com/images/Z9Z59ZjzMfqaMdHGgXmijuQ8hAw.jpg]
[framerusercontent.com/images/7qBFv2WmuOwj4qUFS7XUzQSFL4.jpg]
[framerusercontent.com/images/YGV3hSM1KkFRZxZ0JDeOT7ry7u4.jpg]
[framerusercontent.com/images/ubO6hprNRTUPSD1LOKrAqhScc.png]
[framerusercontent.com/images/gXH1vogSv0fVB8JMa5tO1EN0Y.png]
[vistorastudios.framer.website/index.html]
[vistorastudios.framer.website/contact.html]
[vistorastudios.framer.website/updates/improved-collections.html]
[framerusercontent.com/images/7nHvFFgYdLILNh23x6aHlTJZNc.jpg]
[vistorastudios.framer.website/updates/page-switching.html]
[framerusercontent.com/images/SVHBOkCcL91eyrCoEBX544Yult8.jpg]
[vistorastudios.framer.website/updates/save-and-preview.html]
[framerusercontent.com/images/4TBVQJRLH57TmybmDWCbrvucmM0.jpg]
[vistorastudios.framer.website/updates/ai-post-engagement-detector.html]
[framerusercontent.com/images/oXxftBIirhJgcauLSA9UmWbYg.jpg]
[vistorastudios.framer.website/updates.html]
[vistorastudios.framer.website/updates/improved-collections.html]
[vistorastudios.framer.website/updates/page-switching.html]
[vistorastudios.framer.website/updates/save-and-preview.html]
[vistorastudios.framer.website/updates/ai-post-engagement-detector.html]
